opened 1612594 18082 _CSRDataset
column obs batch_id
column obs cell_name
column obs cell_uuid
column obs celltype.l1
column obs celltype.l1.score
column obs celltype.l2
column obs celltype.l2.score
column obs celltype.l3
column obs celltype.l3.score
column obs chip_id
column obs geo_accession
column obs geo_batch_pool
column obs geo_donor
column obs geo_enrichment
column obs geo_experiment_batch
column obs geo_pool
column obs geo_treatment
column obs n_genes
column obs n_mito_umis
column obs n_reads
column obs n_umis
column obs original_barcodes
column obs pool_id
column obs sampleID
column obs well_id
column var feature_type
column var genome
column var id
column var name
PASS
