{
  "status": "complete-inventory",
  "rows": 81,
  "events": {
    "native-fixed-lrt": {
      "cohorts": 9,
      "cohortsWithBH005": 9,
      "descriptiveFraction": 1.0,
      "totalBH005Calls": 108,
      "tested": 132592
    },
    "native-fixed-wald": {
      "cohorts": 9,
      "cohortsWithBH005": 9,
      "descriptiveFraction": 1.0,
      "totalBH005Calls": 115,
      "tested": 132592
    },
    "native-lrt": {
      "cohorts": 9,
      "cohortsWithBH005": 8,
      "descriptiveFraction": 0.8888888888888888,
      "totalBH005Calls": 16,
      "tested": 47499
    },
    "native-ql": {
      "cohorts": 9,
      "cohortsWithBH005": 1,
      "descriptiveFraction": 0.1111111111111111,
      "totalBH005Calls": 2,
      "tested": 132592
    },
    "native-wald": {
      "cohorts": 9,
      "cohortsWithBH005": 8,
      "descriptiveFraction": 0.8888888888888888,
      "totalBH005Calls": 20,
      "tested": 47499
    },
    "reference-DESeq2": {
      "cohorts": 9,
      "cohortsWithBH005": 9,
      "descriptiveFraction": 1.0,
      "totalBH005Calls": 50,
      "tested": 144151
    },
    "reference-DESeq2-default": {
      "cohorts": 9,
      "cohortsWithBH005": 9,
      "descriptiveFraction": 1.0,
      "totalBH005Calls": 67,
      "tested": 144093
    },
    "reference-edgeR-QL": {
      "cohorts": 9,
      "cohortsWithBH005": 1,
      "descriptiveFraction": 0.1111111111111111,
      "totalBH005Calls": 2,
      "tested": 144151
    },
    "reference-limma-voom": {
      "cohorts": 9,
      "cohortsWithBH005": 1,
      "descriptiveFraction": 0.1111111111111111,
      "totalBH005Calls": 3,
      "tested": 144151
    }
  },
  "scope": "Nine disjoint donor cohorts in one selected study; sham labels, no biological intervention. Descriptive event fractions, not nine studies, universal FDR, power, interval coverage or production qualification.",
  "sourceCheck": {
    "aggregateNonzeros": 1772451,
    "canonicalNonzeros": 233853565,
    "checked": "Every original cell identity, QC value, raw feature, sample annotation, group membership and donor aggregate count; no cell-by-gene dense array",
    "compressedReportSHA256": "b6b8aade422b88bd3bf2219b938ffacae0dbc93e1027c51654ea1f3b248134ae",
    "donors": 108,
    "planFileSHA256": "67bc39c32f329e9156b52ced252980af634fbfd02499826b9008abebfe56ab4e",
    "protocolSHA256": "4605983598e1f14987b9aa4c9d60204140d4996ec07bbe4fe5a81bb354685bd9",
    "reportSHA256": "f2acb106de88a034e6f76880f9371e13468fbd67f742e6c76684a2784f4f433b",
    "sourceCells": 160632,
    "sourceFeatures": 32357,
    "sourceSHA256": "2f019ba5ae48fdf61e02f510aac66cf6035b44aa4c582d52efce9ebccad90ee3",
    "status": "passed",
    "totalUMIs": 774987909
  },
  "originalProtocolSHA256": "4605983598e1f14987b9aa4c9d60204140d4996ec07bbe4fe5a81bb354685bd9",
  "followupSHA256": "111c0d41310f27e537fbb8e2e8f2696f020f771be36ea71d88ab46d085c803dd"
}
