{"target": "AHR", "status": "supported"}
{"target": "ARID1A", "status": "supported"}
{"target": "ARRDC3", "status": "supported"}
{"target": "ATL1", "status": "supported"}
{"target": "BAK1", "status": "supported"}
{"target": "BCL2L11", "status": "supported"}
{"target": "BCORL1", "status": "supported"}
{"target": "BPGM", "status": "supported"}
{"target": "C19orf26", "status": "unsupported-symbol"}
{"target": "C3orf72", "status": "unsupported-symbol"}
{"target": "CBFA2T3", "status": "supported"}
{"target": "CBL", "status": "supported"}
{"target": "CDKN1A", "status": "supported"}
{"target": "CDKN1B", "status": "supported"}
{"target": "CDKN1C", "status": "supported"}
{"target": "CEBPA", "status": "supported"}
{"target": "CEBPB", "status": "supported"}
{"target": "CEBPE", "status": "supported"}
{"target": "CELF2", "status": "supported"}
{"target": "CITED1", "status": "supported"}
{"target": "CKS1B", "status": "supported"}
{"target": "CLDN6", "status": "supported"}
{"target": "CNN1", "status": "supported"}
{"target": "CNNM4", "status": "supported"}
{"target": "COL1A1", "status": "supported"}
{"target": "COL2A1", "status": "supported"}
{"target": "CSRNP1", "status": "supported"}
{"target": "DLX2", "status": "supported"}
{"target": "DUSP9", "status": "supported"}
{"target": "EGR1", "status": "supported"}
{"target": "ELMSAN1", "status": "supported"}
{"target": "ETS2", "status": "supported"}
{"target": "FEV", "status": "supported"}
{"target": "FOSB", "status": "supported"}
{"target": "FOXA1", "status": "supported"}
{"target": "FOXA3", "status": "supported"}
{"target": "FOXF1", "status": "supported"}
{"target": "FOXL2", "status": "supported"}
{"target": "FOXO4", "status": "supported"}
{"target": "GLB1L2", "status": "supported"}
{"target": "HES7", "status": "supported"}
{"target": "HK2", "status": "supported"}
{"target": "HNF4A", "status": "supported"}
{"target": "HOXA13", "status": "supported"}
{"target": "HOXB9", "status": "supported"}
{"target": "HOXC13", "status": "supported"}
{"target": "IER5L", "status": "supported"}
{"target": "IGDCC3", "status": "supported"}
{"target": "IKZF3", "status": "supported"}
{"target": "IRF1", "status": "supported"}
{"target": "ISL2", "status": "supported"}
{"target": "JUN", "status": "supported"}
{"target": "KIAA1804", "status": "unsupported-symbol"}
{"target": "KIF18B", "status": "supported"}
{"target": "KIF2C", "status": "supported"}
{"target": "KLF1", "status": "supported"}
{"target": "KMT2A", "status": "supported"}
{"target": "LHX1", "status": "supported"}
{"target": "LYL1", "status": "supported"}
{"target": "MAML2", "status": "supported"}
{"target": "MAP2K3", "status": "supported"}
{"target": "MAP2K6", "status": "supported"}
{"target": "MAP4K3", "status": "supported"}
{"target": "MAP4K5", "status": "supported"}
{"target": "MAP7D1", "status": "supported"}
{"target": "MAPK1", "status": "supported"}
{"target": "MEIS1", "status": "supported"}
{"target": "MIDN", "status": "supported"}
{"target": "NCL", "status": "supported"}
{"target": "NIT1", "status": "supported"}
{"target": "OSR2", "status": "supported"}
{"target": "PLK4", "status": "supported"}
{"target": "POU3F2", "status": "supported"}
{"target": "PRDM1", "status": "supported"}
{"target": "PRTG", "status": "supported"}
{"target": "PTPN1", "status": "supported"}
{"target": "PTPN12", "status": "supported"}
{"target": "PTPN13", "status": "supported"}
{"target": "PTPN9", "status": "supported"}
{"target": "RHOXF2", "status": "supported"}
{"target": "RREB1", "status": "supported"}
{"target": "RUNX1T1", "status": "supported"}
{"target": "S1PR2", "status": "supported"}
{"target": "SAMD1", "status": "supported"}
{"target": "SET", "status": "supported"}
{"target": "SGK1", "status": "supported"}
{"target": "SLC38A2", "status": "supported"}
{"target": "SLC4A1", "status": "supported"}
{"target": "SLC6A9", "status": "supported"}
{"target": "SNAI1", "status": "supported"}
{"target": "SPI1", "status": "supported"}
{"target": "STIL", "status": "supported"}
{"target": "TBX2", "status": "supported"}
{"target": "TBX3", "status": "supported"}
{"target": "TGFBR2", "status": "supported"}
{"target": "TMSB4X", "status": "supported"}
{"target": "TP73", "status": "supported"}
{"target": "TSC22D1", "status": "supported"}
{"target": "UBASH3A", "status": "supported"}
{"target": "UBASH3B", "status": "supported"}
{"target": "ZBTB1", "status": "supported"}
{"target": "ZBTB10", "status": "supported"}
{"target": "ZBTB25", "status": "supported"}
{"target": "ZC3HAV1", "status": "supported"}
{"target": "ZNF318", "status": "supported"}
       15.38 real        15.77 user         0.22 sys
          1143783424  maximum resident set size
                   0  average shared memory size
                   0  average unshared data size
                   0  average unshared stack size
               85980  page reclaims
                   0  page faults
                   0  swaps
                   0  block input operations
                   0  block output operations
                   0  messages sent
                   0  messages received
                   0  signals received
                 269  voluntary context switches
                3103  involuntary context switches
        231038553384  instructions retired
         64454434230  cycles elapsed
          1108936048  peak memory footprint
