[0/1] Planning build
Building for debugging...
[0/5] Write sources
[1/5] Write swift-version-3CD7052B146186F2.txt
[3/7] Compiling NumiVivoKit VivoVCFReader.swift
[4/7] Emitting module NumiVivoKit
/Users/n/numivivo-vcf-qualification-20260914/Sources/NumiVivoKit/Surrogates/VivoReactiveMetalBackend.swift:54:52: warning: 'fastMathEnabled' was deprecated in macOS 15.0: Use mathMode instead [#DeprecatedDeclaration]
 52 |         coefficients = try buffer(payload.coefficientsKJPerMol.flatMap { $0 })
 53 |         scales = try buffer(payload.configuration.features.map { 1/($0.scaleNM*$0.scaleNM) })
 54 |         let options = MTLCompileOptions(); options.fastMathEnabled = false
    |                                                    `- warning: 'fastMathEnabled' was deprecated in macOS 15.0: Use mathMode instead [#DeprecatedDeclaration]
 55 |         let library = try device.makeLibrary(source: Self.source,options: options)
 56 |         guard let function = library.makeFunction(name: "vivo_reactive_delta") else { throw VivoChemistryError.invalid("missing reactive Metal kernel") }

[#DeprecatedDeclaration]: <https://docs.swift.org/compiler/documentation/diagnostics/deprecated-declaration>
[4/9] Write Objects.LinkFileList
[6/9] Linking numivivo
[7/9] Applying numivivo
[8/9] Linking NumiVivoPackageTests
Build complete! (8.25s)
Test Suite 'Selected tests' started at 2026-09-14 20:25:15.016.
Test Suite 'NumiVivoPackageTests.xctest' started at 2026-09-14 20:25:15.021.
Test Suite 'NumiVivoPackageTests.xctest' passed at 2026-09-14 20:25:15.021.
	 Executed 0 tests, with 0 failures (0 unexpected) in 0.000 (0.000) seconds
Test Suite 'Selected tests' passed at 2026-09-14 20:25:15.021.
	 Executed 0 tests, with 0 failures (0 unexpected) in 0.000 (0.005) seconds
◇ Test run started.
↳ Testing Library Version: 1902
↳ Target Platform: arm64e-apple-macos14.0
◇ Suite VivoVCFTests started.
◇ Test sourceBytesAreBoundBeforeLineNormalization() started.
◇ Test rejectsDuplicateInfoAndMismatchedSampleFields() started.
◇ Test assemblyAndUnsupportedAllelesRemainExplicit() started.
◇ Test parsesMultiallelicCallsAndProjectsOnlyPrimarySNVs() started.
✔ Test rejectsDuplicateInfoAndMismatchedSampleFields() passed after 0.001 seconds.
✔ Test assemblyAndUnsupportedAllelesRemainExplicit() passed after 0.001 seconds.
✔ Test parsesMultiallelicCallsAndProjectsOnlyPrimarySNVs() passed after 0.001 seconds.
✔ Test sourceBytesAreBoundBeforeLineNormalization() passed after 0.002 seconds.
✔ Suite VivoVCFTests passed after 0.002 seconds.
✔ Test run with 4 tests in 1 suite passed after 0.002 seconds.
