{"target": "AHR", "supported": true}
{"target": "ARID1A", "supported": true}
{"target": "ARRDC3", "supported": true}
{"target": "ATL1", "supported": true}
{"target": "BAK1", "supported": true}
{"target": "BCL2L11", "supported": true}
{"target": "BCORL1", "supported": true}
{"target": "BPGM", "supported": true}
{"target": "C19orf26", "supported": false}
{"target": "C3orf72", "supported": false}
{"target": "CBFA2T3", "supported": true}
{"target": "CBL", "supported": true}
{"target": "CDKN1A", "supported": true}
{"target": "CDKN1B", "supported": true}
{"target": "CDKN1C", "supported": true}
{"target": "CEBPA", "supported": true}
{"target": "CEBPB", "supported": true}
{"target": "CEBPE", "supported": true}
{"target": "CELF2", "supported": true}
{"target": "CITED1", "supported": true}
{"target": "CKS1B", "supported": true}
{"target": "CLDN6", "supported": true}
{"target": "CNN1", "supported": true}
{"target": "CNNM4", "supported": true}
{"target": "COL1A1", "supported": true}
{"target": "COL2A1", "supported": true}
{"target": "CSRNP1", "supported": true}
{"target": "DLX2", "supported": true}
{"target": "DUSP9", "supported": true}
{"target": "EGR1", "supported": true}
{"target": "ELMSAN1", "supported": true}
{"target": "ETS2", "supported": true}
{"target": "FEV", "supported": true}
{"target": "FOSB", "supported": true}
{"target": "FOXA1", "supported": true}
{"target": "FOXA3", "supported": true}
{"target": "FOXF1", "supported": false}
{"target": "FOXL2", "supported": true}
{"target": "FOXO4", "supported": true}
{"target": "GLB1L2", "supported": true}
{"target": "HES7", "supported": true}
{"target": "HK2", "supported": true}
{"target": "HNF4A", "supported": false}
{"target": "HOXA13", "supported": false}
{"target": "HOXB9", "supported": true}
{"target": "HOXC13", "supported": true}
{"target": "IER5L", "supported": true}
{"target": "IGDCC3", "supported": true}
{"target": "IKZF3", "supported": true}
{"target": "IRF1", "supported": true}
{"target": "ISL2", "supported": true}
{"target": "JUN", "supported": true}
{"target": "KIAA1804", "supported": false}
{"target": "KIF18B", "supported": true}
{"target": "KIF2C", "supported": true}
{"target": "KLF1", "supported": true}
{"target": "KMT2A", "supported": true}
{"target": "LHX1", "supported": true}
{"target": "LYL1", "supported": true}
{"target": "MAML2", "supported": true}
{"target": "MAP2K3", "supported": true}
{"target": "MAP2K6", "supported": false}
{"target": "MAP4K3", "supported": true}
{"target": "MAP4K5", "supported": true}
{"target": "MAP7D1", "supported": true}
{"target": "MAPK1", "supported": true}
{"target": "MEIS1", "supported": true}
{"target": "MIDN", "supported": true}
{"target": "NCL", "supported": true}
{"target": "NIT1", "supported": true}
{"target": "OSR2", "supported": true}
{"target": "PLK4", "supported": true}
{"target": "POU3F2", "supported": true}
{"target": "PRDM1", "supported": true}
{"target": "PRTG", "supported": true}
{"target": "PTPN1", "supported": true}
{"target": "PTPN12", "supported": true}
{"target": "PTPN13", "supported": false}
{"target": "PTPN9", "supported": true}
{"target": "RHOXF2", "supported": true}
{"target": "RREB1", "supported": true}
{"target": "RUNX1T1", "supported": true}
{"target": "S1PR2", "supported": true}
{"target": "SAMD1", "supported": true}
{"target": "SET", "supported": true}
{"target": "SGK1", "supported": true}
{"target": "SLC38A2", "supported": true}
{"target": "SLC4A1", "supported": true}
{"target": "SLC6A9", "supported": true}
{"target": "SNAI1", "supported": true}
{"target": "SPI1", "supported": true}
{"target": "STIL", "supported": true}
{"target": "TBX2", "supported": true}
{"target": "TBX3", "supported": true}
{"target": "TGFBR2", "supported": true}
{"target": "TMSB4X", "supported": true}
{"target": "TP73", "supported": true}
{"target": "TSC22D1", "supported": true}
{"target": "UBASH3A", "supported": true}
{"target": "UBASH3B", "supported": true}
{"target": "ZBTB1", "supported": true}
{"target": "ZBTB10", "supported": true}
{"target": "ZBTB25", "supported": true}
{"target": "ZC3HAV1", "supported": true}
{"target": "ZNF318", "supported": true}
       27.33 real        33.54 user         1.16 sys
          2011594752  maximum resident set size
                   0  average shared memory size
                   0  average unshared data size
                   0  average unshared stack size
              144110  page reclaims
                   1  page faults
                   0  swaps
                   0  block input operations
                   0  block output operations
                   0  messages sent
                   0  messages received
                   0  signals received
                 199  voluntary context switches
              149427  involuntary context switches
        225673797536  instructions retired
        129556715727  cycles elapsed
          1972013024  peak memory footprint
