{"assignmentScores":{"bytes":[102,51,47,62,154,216,238,28,11,58,84,51,52,152,16,135,115,228,124,130,5,202,246,99,119,215,160,227,162,110,18,219]},"implementation":{"bytes":[7,84,116,71,14,209,239,240,146,229,162,78,24,76,202,173,160,144,207,92,184,62,16,197,18,82,181,147,235,115,196,226]},"input":{"bytes":[165,145,224,3,118,168,217,180,1,62,250,191,93,198,39,138,210,242,142,96,209,55,202,34,22,113,128,17,147,66,203,6]},"memberships":{"bytes":[95,132,72,93,158,102,4,243,186,54,117,243,162,43,210,85,129,134,170,227,71,174,87,189,130,169,136,42,230,194,158,245]},"metadata":{"bytes":[124,150,53,120,99,12,244,33,13,19,17,188,57,52,163,29,30,141,229,150,28,189,109,160,89,210,24,130,255,159,145,33]},"plan":{"bytes":[252,173,115,184,145,212,164,126,138,105,39,27,137,119,140,219,24,34,171,139,147,147,72,110,156,243,179,38,224,108,82,128]},"report":{"bytes":[17,121,26,209,100,138,49,36,36,126,91,140,87,7,109,180,248,36,194,42,16,131,202,136,52,165,232,96,244,80,245,176]},"schemaVersion":1,"scores":{"bytes":[164,146,203,0,243,2,16,201,14,32,113,64,74,82,243,123,38,97,32,222,65,59,202,211,150,190,43,219,165,25,213,110]}}
       10.36 real        10.14 user         0.18 sys
           226148352  maximum resident set size
                   0  average shared memory size
                   0  average unshared data size
                   0  average unshared stack size
              436826  page reclaims
                4644  page faults
                   0  swaps
                   0  block input operations
                   0  block output operations
                   0  messages sent
                   0  messages received
                   0  signals received
                 175  voluntary context switches
                 165  involuntary context switches
        204903470122  instructions retired
         46467434740  cycles elapsed
            99729984  peak memory footprint
{"assignmentScores":{"bytes":[102,51,47,62,154,216,238,28,11,58,84,51,52,152,16,135,115,228,124,130,5,202,246,99,119,215,160,227,162,110,18,219]},"implementation":{"bytes":[7,84,116,71,14,209,239,240,146,229,162,78,24,76,202,173,160,144,207,92,184,62,16,197,18,82,181,147,235,115,196,226]},"input":{"bytes":[165,145,224,3,118,168,217,180,1,62,250,191,93,198,39,138,210,242,142,96,209,55,202,34,22,113,128,17,147,66,203,6]},"memberships":{"bytes":[95,132,72,93,158,102,4,243,186,54,117,243,162,43,210,85,129,134,170,227,71,174,87,189,130,169,136,42,230,194,158,245]},"metadata":{"bytes":[124,150,53,120,99,12,244,33,13,19,17,188,57,52,163,29,30,141,229,150,28,189,109,160,89,210,24,130,255,159,145,33]},"plan":{"bytes":[252,173,115,184,145,212,164,126,138,105,39,27,137,119,140,219,24,34,171,139,147,147,72,110,156,243,179,38,224,108,82,128]},"report":{"bytes":[17,121,26,209,100,138,49,36,36,126,91,140,87,7,109,180,248,36,194,42,16,131,202,136,52,165,232,96,244,80,245,176]},"schemaVersion":1,"scores":{"bytes":[164,146,203,0,243,2,16,201,14,32,113,64,74,82,243,123,38,97,32,222,65,59,202,211,150,190,43,219,165,25,213,110]}}
